10:12:21.612 [main] INFO  TestCases.TC001_AccountRegistration - ****************Account Registration Started***********************
10:12:21.694 [main] INFO  TestCases.TC001_AccountRegistration - Click on My Account
10:12:21.990 [main] INFO  TestCases.TC001_AccountRegistration - Click on Register
10:12:22.634 [main] INFO  TestCases.TC001_AccountRegistration - Enter All Details
10:12:26.265 [main] INFO  TestCases.TC001_AccountRegistration - Account Created
10:12:26.273 [main] INFO  TestCases.TC001_AccountRegistration - Test Passed
10:12:26.273 [main] INFO  TestCases.TC001_AccountRegistration - *********************Test Finished*****************
15:19:18.296 [main] INFO  TestCases.TC001_AccountRegistration - ****************Account Registration Started***********************
15:19:18.339 [main] INFO  TestCases.TC001_AccountRegistration - Click on My Account
15:21:19.952 [main] INFO  TestCases.TC001_AccountRegistration - ****************Account Registration Started***********************
15:21:20.013 [main] INFO  TestCases.TC001_AccountRegistration - Click on My Account
16:24:37.483 [main] INFO  TestCases.TC001_AccountRegistration - ****************Account Registration Started***********************
16:24:37.587 [main] INFO  TestCases.TC001_AccountRegistration - Click on My Account
17:14:59.849 [main] INFO  TestCases.TC001_AccountRegistration - ****************Account Registration Started***********************
17:14:59.885 [main] INFO  TestCases.TC001_AccountRegistration - Click on My Account
18:26:01.989 [main] INFO  TestCases.TC001_AccountRegistration - ****************Account Registration Started***********************
18:26:02.057 [main] INFO  TestCases.TC001_AccountRegistration - Click on My Account
18:27:38.860 [main] INFO  TestCases.TC001_AccountRegistration - ****************Account Registration Started***********************
18:27:38.917 [main] INFO  TestCases.TC001_AccountRegistration - Click on My Account
22:54:30.127 [main] INFO  TestCases.TC001_AccountRegistration - ****************Account Registration Started***********************
22:54:30.217 [main] INFO  TestCases.TC001_AccountRegistration - Click on My Account
22:56:30.027 [main] INFO  TestCases.TC001_AccountRegistration - ****************Account Registration Started***********************
22:56:30.071 [main] INFO  TestCases.TC001_AccountRegistration - Click on My Account
23:04:39.188 [main] INFO  TestCases.TC001_AccountRegistration - ****************Account Registration Started***********************
23:04:39.228 [main] INFO  TestCases.TC001_AccountRegistration - Click on My Account
11:48:11.827 [main] INFO  TestCases.TC001_AccountRegistration - ****************Account Registration Started***********************
11:48:11.883 [main] INFO  TestCases.TC001_AccountRegistration - Click on My Account
11:54:13.940 [main] INFO  TestCases.TC001_AccountRegistration - ****************Account Registration Started***********************
11:54:13.985 [main] INFO  TestCases.TC001_AccountRegistration - Click on My Account
11:57:54.218 [main] INFO  TestCases.TC001_AccountRegistration - ****************Account Registration Started***********************
11:57:54.289 [main] INFO  TestCases.TC001_AccountRegistration - Click on My Account
11:57:54.576 [main] INFO  TestCases.TC001_AccountRegistration - Click on Register
11:57:55.536 [main] INFO  TestCases.TC001_AccountRegistration - Enter All Details
11:58:00.056 [main] INFO  TestCases.TC001_AccountRegistration - Account Created
11:58:00.056 [main] INFO  TestCases.TC001_AccountRegistration - Test Passed
11:58:00.056 [main] INFO  TestCases.TC001_AccountRegistration - *********************Test Finished*****************
12:02:00.890 [main] INFO  TestCases.TC001_AccountRegistration - ****************Account Registration Started***********************
12:02:00.986 [main] INFO  TestCases.TC001_AccountRegistration - Click on My Account
12:02:01.336 [main] INFO  TestCases.TC001_AccountRegistration - Click on Register
12:02:02.242 [main] INFO  TestCases.TC001_AccountRegistration - Enter All Details
12:02:06.412 [main] INFO  TestCases.TC001_AccountRegistration - Account Created
12:02:06.412 [main] INFO  TestCases.TC001_AccountRegistration - Test Passed
12:02:06.412 [main] INFO  TestCases.TC001_AccountRegistration - *********************Test Finished*****************
12:02:11.371 [main] INFO  TestCases.TC001_AccountRegistration - ****************Account Registration Started***********************
12:02:11.375 [main] INFO  TestCases.TC001_AccountRegistration - Click on My Account
12:02:11.654 [main] INFO  TestCases.TC001_AccountRegistration - Click on Register
12:02:12.476 [main] INFO  TestCases.TC001_AccountRegistration - Enter All Details
12:02:15.685 [main] INFO  TestCases.TC001_AccountRegistration - Account Created
12:02:15.685 [main] INFO  TestCases.TC001_AccountRegistration - Test Passed
12:02:15.685 [main] INFO  TestCases.TC001_AccountRegistration - *********************Test Finished*****************
12:02:20.680 [main] INFO  TestCases.TC001_AccountRegistration - ****************Account Registration Started***********************
12:02:20.682 [main] INFO  TestCases.TC001_AccountRegistration - Click on My Account
12:02:20.949 [main] INFO  TestCases.TC001_AccountRegistration - Click on Register
12:02:21.787 [main] INFO  TestCases.TC001_AccountRegistration - Enter All Details
12:02:25.000 [main] INFO  TestCases.TC001_AccountRegistration - Account Created
12:02:25.000 [main] INFO  TestCases.TC001_AccountRegistration - Test Passed
12:02:25.000 [main] INFO  TestCases.TC001_AccountRegistration - *********************Test Finished*****************
12:07:11.482 [TestNG-tests-3] INFO  TestCases.TC001_AccountRegistration - ****************Account Registration Started***********************
12:07:11.672 [TestNG-tests-3] INFO  TestCases.TC001_AccountRegistration - Click on My Account
12:07:11.694 [TestNG-tests-2] INFO  TestCases.TC001_AccountRegistration - ****************Account Registration Started***********************
12:07:11.698 [TestNG-tests-2] INFO  TestCases.TC001_AccountRegistration - Click on My Account
12:07:12.261 [TestNG-tests-3] INFO  TestCases.TC001_AccountRegistration - Click on Register
12:07:12.370 [TestNG-tests-2] INFO  TestCases.TC001_AccountRegistration - Click on Register
12:07:12.533 [TestNG-tests-1] INFO  TestCases.TC001_AccountRegistration - ****************Account Registration Started***********************
12:07:12.537 [TestNG-tests-1] INFO  TestCases.TC001_AccountRegistration - Click on My Account
12:07:12.928 [TestNG-tests-1] INFO  TestCases.TC001_AccountRegistration - Click on Register
12:07:13.194 [TestNG-tests-3] INFO  TestCases.TC001_AccountRegistration - Enter All Details
12:07:13.499 [TestNG-tests-2] INFO  TestCases.TC001_AccountRegistration - Enter All Details
12:07:14.182 [TestNG-tests-1] INFO  TestCases.TC001_AccountRegistration - Enter All Details
12:07:18.245 [TestNG-tests-3] INFO  TestCases.TC001_AccountRegistration - Account Created
12:07:18.251 [TestNG-tests-3] INFO  TestCases.TC001_AccountRegistration - Test Passed
12:07:18.253 [TestNG-tests-3] INFO  TestCases.TC001_AccountRegistration - *********************Test Finished*****************
12:07:18.589 [TestNG-tests-2] INFO  TestCases.TC001_AccountRegistration - Account Created
12:07:18.591 [TestNG-tests-2] INFO  TestCases.TC001_AccountRegistration - Test Passed
12:07:18.591 [TestNG-tests-2] INFO  TestCases.TC001_AccountRegistration - *********************Test Finished*****************
12:07:18.616 [TestNG-tests-1] INFO  TestCases.TC001_AccountRegistration - Account Created
12:07:18.618 [TestNG-tests-1] INFO  TestCases.TC001_AccountRegistration - Test Passed
12:07:18.618 [TestNG-tests-1] INFO  TestCases.TC001_AccountRegistration - *********************Test Finished*****************
14:47:37.805 [main] INFO  TestCases.TC001_AccountRegistration - ****************Account Registration Started***********************
14:47:37.863 [main] INFO  TestCases.TC001_AccountRegistration - Click on My Account
14:47:38.093 [main] INFO  TestCases.TC001_AccountRegistration - Click on Register
14:47:39.027 [main] INFO  TestCases.TC001_AccountRegistration - Enter All Details
14:47:43.303 [main] INFO  TestCases.TC001_AccountRegistration - Account Created
14:47:43.308 [main] INFO  TestCases.TC001_AccountRegistration - Test Passed
14:47:43.312 [main] INFO  TestCases.TC001_AccountRegistration - *********************Test Finished*****************
21:05:07.021 [main] INFO  TestCases.TC001_AccountRegistration - ****************Account Registration Started***********************
21:05:07.114 [main] INFO  TestCases.TC001_AccountRegistration - Click on My Account
21:05:07.390 [main] INFO  TestCases.TC001_AccountRegistration - Click on Register
21:05:08.063 [main] INFO  TestCases.TC001_AccountRegistration - Enter All Details
21:05:11.224 [main] INFO  TestCases.TC001_AccountRegistration - Account Created
21:05:11.231 [main] INFO  TestCases.TC001_AccountRegistration - Test Passed
21:05:11.231 [main] INFO  TestCases.TC001_AccountRegistration - *********************Test Finished*****************
21:05:15.582 [main] INFO  TestCases.TC002_MyAccountLogin - ******************testcase TC002_MyAccountLogin started****************
21:05:15.585 [main] INFO  TestCases.TC002_MyAccountLogin - clicking on login
21:05:16.464 [main] INFO  TestCases.TC002_MyAccountLogin - Enter username and password
21:06:31.742 [main] INFO  TestCases.TC001_AccountRegistration - ****************Account Registration Started***********************
21:06:31.806 [main] INFO  TestCases.TC001_AccountRegistration - Click on My Account
21:06:32.091 [main] INFO  TestCases.TC001_AccountRegistration - Click on Register
21:06:32.807 [main] INFO  TestCases.TC001_AccountRegistration - Enter All Details
21:06:36.157 [main] INFO  TestCases.TC001_AccountRegistration - Account Created
21:06:36.157 [main] INFO  TestCases.TC001_AccountRegistration - Test Passed
21:06:36.165 [main] INFO  TestCases.TC001_AccountRegistration - *********************Test Finished*****************
21:06:40.156 [main] INFO  TestCases.TC002_MyAccountLogin - ******************testcase TC002_MyAccountLogin started****************
21:06:40.156 [main] INFO  TestCases.TC002_MyAccountLogin - clicking on login
21:06:41.010 [main] INFO  TestCases.TC002_MyAccountLogin - Enter username and password
21:06:42.932 [main] INFO  TestCases.TC002_MyAccountLogin - *******************Test case finished*******************
17:06:25.529 [main] INFO  TestCases.TC003_LoginDDTTest - ==============Testcase TC003_LoginDDT is started=========================
17:06:26.792 [main] INFO  TestCases.TC003_LoginDDTTest - ==============Testcase TC003_LoginDDT is started=========================
17:06:33.162 [main] INFO  TestCases.TC003_LoginDDTTest - ==============Testcase TC003_LoginDDT is started=========================
17:10:35.174 [main] INFO  TestCases.TC003_LoginDDTTest - ==============Testcase TC003_LoginDDT is started=========================
17:10:42.034 [main] INFO  TestCases.TC003_LoginDDTTest - ==============Testcase TC003_LoginDDT is started=========================
17:10:46.307 [main] INFO  TestCases.TC003_LoginDDTTest - ==============Testcase TC003_LoginDDT is started=========================
17:16:21.607 [main] INFO  TestCases.TC003_LoginDDTTest - ==============Testcase TC003_LoginDDT is started=========================
17:16:28.275 [main] INFO  TestCases.TC003_LoginDDTTest - ==============Testcase TC003_LoginDDT is started=========================
17:16:32.637 [main] INFO  TestCases.TC003_LoginDDTTest - ==============Testcase TC003_LoginDDT is started=========================
17:23:29.206 [main] INFO  TestCases.TC003_LoginDDTTest - ==============Testcase TC003_LoginDDT is started=========================
17:23:33.131 [main] INFO  TestCases.TC003_LoginDDTTest - ==============Testcase TC003_LoginDDT is finished=========================
17:23:33.140 [main] INFO  TestCases.TC003_LoginDDTTest - ==============Testcase TC003_LoginDDT is started=========================
17:23:39.196 [main] INFO  TestCases.TC003_LoginDDTTest - ==============Testcase TC003_LoginDDT is finished=========================
17:23:39.212 [main] INFO  TestCases.TC003_LoginDDTTest - ==============Testcase TC003_LoginDDT is started=========================
17:23:45.136 [main] INFO  TestCases.TC003_LoginDDTTest - ==============Testcase TC003_LoginDDT is finished=========================
17:26:19.663 [main] INFO  TestCases.TC003_LoginDDTTest - ==============Testcase TC003_LoginDDT is started=========================
17:26:22.971 [main] INFO  TestCases.TC003_LoginDDTTest - ==============Testcase TC003_LoginDDT is finished=========================
17:26:22.983 [main] INFO  TestCases.TC003_LoginDDTTest - ==============Testcase TC003_LoginDDT is started=========================
17:26:28.956 [main] INFO  TestCases.TC003_LoginDDTTest - ==============Testcase TC003_LoginDDT is finished=========================
17:26:28.972 [main] INFO  TestCases.TC003_LoginDDTTest - ==============Testcase TC003_LoginDDT is started=========================
17:26:34.894 [main] INFO  TestCases.TC003_LoginDDTTest - ==============Testcase TC003_LoginDDT is finished=========================
17:26:34.894 [main] INFO  TestCases.TC003_LoginDDTTest - ==============Testcase TC003_LoginDDT is started=========================
17:26:37.710 [main] INFO  TestCases.TC003_LoginDDTTest - ==============Testcase TC003_LoginDDT is finished=========================
17:26:37.721 [main] INFO  TestCases.TC003_LoginDDTTest - ==============Testcase TC003_LoginDDT is started=========================
17:26:43.592 [main] INFO  TestCases.TC003_LoginDDTTest - ==============Testcase TC003_LoginDDT is finished=========================
17:26:43.592 [main] INFO  TestCases.TC003_LoginDDTTest - ==============Testcase TC003_LoginDDT is started=========================
17:26:49.507 [main] INFO  TestCases.TC003_LoginDDTTest - ==============Testcase TC003_LoginDDT is finished=========================
17:26:49.507 [main] INFO  TestCases.TC003_LoginDDTTest - ==============Testcase TC003_LoginDDT is started=========================
17:26:55.308 [main] INFO  TestCases.TC003_LoginDDTTest - ==============Testcase TC003_LoginDDT is finished=========================
22:01:19.484 [main] INFO  TestCases.TC002_MyAccountLogin - ******************testcase TC002_MyAccountLogin started****************
22:01:19.548 [main] INFO  TestCases.TC002_MyAccountLogin - clicking on login
22:01:20.281 [main] INFO  TestCases.TC002_MyAccountLogin - Enter username and password
22:01:22.623 [main] INFO  TestCases.TC002_MyAccountLogin - *******************Test case finished*******************
22:04:21.954 [main] INFO  TestCases.TC001_AccountRegistration - ****************Account Registration Started***********************
22:04:22.068 [main] INFO  TestCases.TC001_AccountRegistration - Click on My Account
22:04:22.288 [main] INFO  TestCases.TC001_AccountRegistration - Click on Register
22:04:23.035 [main] INFO  TestCases.TC001_AccountRegistration - Enter All Details
22:04:26.149 [main] INFO  TestCases.TC001_AccountRegistration - Account Created
22:04:26.151 [main] INFO  TestCases.TC001_AccountRegistration - Test Passed
22:04:26.151 [main] INFO  TestCases.TC001_AccountRegistration - *********************Test Finished*****************
22:04:30.215 [main] INFO  TestCases.TC002_MyAccountLogin - ******************testcase TC002_MyAccountLogin started****************
22:04:30.217 [main] INFO  TestCases.TC002_MyAccountLogin - clicking on login
22:04:31.108 [main] INFO  TestCases.TC002_MyAccountLogin - Enter username and password
22:04:32.938 [main] INFO  TestCases.TC002_MyAccountLogin - *******************Test case finished*******************
22:07:44.673 [main] INFO  TestCases.TC001_AccountRegistration - ****************Account Registration Started***********************
22:07:44.754 [main] INFO  TestCases.TC001_AccountRegistration - Click on My Account
22:07:45.072 [main] INFO  TestCases.TC001_AccountRegistration - Click on Register
22:07:45.715 [main] INFO  TestCases.TC001_AccountRegistration - Enter All Details
22:07:48.977 [main] INFO  TestCases.TC001_AccountRegistration - Account Created
22:07:48.993 [main] INFO  TestCases.TC001_AccountRegistration - Test Passed
22:07:48.993 [main] INFO  TestCases.TC001_AccountRegistration - *********************Test Finished*****************
22:07:53.793 [main] INFO  TestCases.TC002_MyAccountLogin - ******************testcase TC002_MyAccountLogin started****************
22:07:53.795 [main] INFO  TestCases.TC002_MyAccountLogin - clicking on login
22:07:54.609 [main] INFO  TestCases.TC002_MyAccountLogin - Enter username and password
22:07:56.599 [main] INFO  TestCases.TC002_MyAccountLogin - *******************Test case finished*******************
22:49:42.700 [main] INFO  TestCases.TC001_AccountRegistration - ****************Account Registration Started***********************
22:49:42.815 [main] INFO  TestCases.TC001_AccountRegistration - Click on My Account
22:49:43.055 [main] INFO  TestCases.TC001_AccountRegistration - Click on Register
22:49:43.811 [main] INFO  TestCases.TC001_AccountRegistration - Enter All Details
22:49:46.732 [main] INFO  TestCases.TC001_AccountRegistration - Account Created
22:49:46.737 [main] INFO  TestCases.TC001_AccountRegistration - Test Passed
22:49:46.737 [main] INFO  TestCases.TC001_AccountRegistration - *********************Test Finished*****************
22:49:51.064 [main] INFO  TestCases.TC002_MyAccountLogin - ******************testcase TC002_MyAccountLogin started****************
22:49:51.064 [main] INFO  TestCases.TC002_MyAccountLogin - clicking on login
22:49:51.742 [main] INFO  TestCases.TC002_MyAccountLogin - Enter username and password
22:49:53.076 [main] INFO  TestCases.TC002_MyAccountLogin - *******************Test case finished*******************
22:54:13.626 [main] INFO  TestCases.TC001_AccountRegistration - ****************Account Registration Started***********************
22:54:13.690 [main] INFO  TestCases.TC001_AccountRegistration - Click on My Account
22:54:13.882 [main] INFO  TestCases.TC001_AccountRegistration - Click on Register
22:54:14.611 [main] INFO  TestCases.TC001_AccountRegistration - Enter All Details
22:54:17.267 [main] INFO  TestCases.TC001_AccountRegistration - Account Created
22:54:17.270 [main] INFO  TestCases.TC001_AccountRegistration - Test Passed
22:54:17.270 [main] INFO  TestCases.TC001_AccountRegistration - *********************Test Finished*****************
22:54:21.657 [main] INFO  TestCases.TC002_MyAccountLogin - ******************testcase TC002_MyAccountLogin started****************
22:54:21.664 [main] INFO  TestCases.TC002_MyAccountLogin - clicking on login
22:54:22.411 [main] INFO  TestCases.TC002_MyAccountLogin - Enter username and password
22:59:31.644 [main] INFO  TestCases.TC002_MyAccountLogin - ******************testcase TC002_MyAccountLogin started****************
22:59:31.720 [main] INFO  TestCases.TC002_MyAccountLogin - clicking on login
22:59:32.403 [main] INFO  TestCases.TC002_MyAccountLogin - Enter username and password
23:00:39.240 [main] INFO  TestCases.TC002_MyAccountLogin - ******************testcase TC002_MyAccountLogin started****************
23:00:39.300 [main] INFO  TestCases.TC002_MyAccountLogin - clicking on login
23:00:40.161 [main] INFO  TestCases.TC002_MyAccountLogin - Enter username and password
23:00:42.247 [main] INFO  TestCases.TC002_MyAccountLogin - *******************Test case finished*******************
00:35:31.917 [main] INFO  TestCases.TC001_AccountRegistration - ****************Account Registration Started***********************
00:35:31.947 [main] INFO  TestCases.TC001_AccountRegistration - Click on My Account
00:38:46.104 [main] INFO  TestCases.TC001_AccountRegistration - ****************Account Registration Started***********************
00:38:46.133 [main] INFO  TestCases.TC001_AccountRegistration - Click on My Account
17:44:06.290 [main] INFO  TestCases.TC001_AccountRegistration - ****************Account Registration Started***********************
17:44:06.368 [main] INFO  TestCases.TC001_AccountRegistration - Click on My Account
17:44:06.753 [main] INFO  TestCases.TC001_AccountRegistration - Click on Register
17:44:07.800 [main] INFO  TestCases.TC001_AccountRegistration - Enter All Details
17:44:11.614 [main] INFO  TestCases.TC001_AccountRegistration - Account Created
17:44:11.630 [main] INFO  TestCases.TC001_AccountRegistration - Test Passed
17:44:11.630 [main] INFO  TestCases.TC001_AccountRegistration - *********************Test Finished*****************
17:44:16.332 [main] INFO  TestCases.TC002_MyAccountLogin - ******************testcase TC002_MyAccountLogin started****************
17:44:16.332 [main] INFO  TestCases.TC002_MyAccountLogin - clicking on login
17:44:17.176 [main] INFO  TestCases.TC002_MyAccountLogin - Enter username and password
17:44:19.567 [main] INFO  TestCases.TC002_MyAccountLogin - *******************Test case finished*******************
23:25:44.723 [main] INFO  TestCases.TC001_AccountRegistration - ****************Account Registration Started***********************
23:25:44.812 [main] INFO  TestCases.TC001_AccountRegistration - Click on My Account
23:25:45.120 [main] INFO  TestCases.TC001_AccountRegistration - Click on Register
23:25:45.943 [main] INFO  TestCases.TC001_AccountRegistration - Enter All Details
23:25:49.007 [main] INFO  TestCases.TC001_AccountRegistration - Account Created
23:25:49.015 [main] INFO  TestCases.TC001_AccountRegistration - Test Passed
23:25:49.020 [main] INFO  TestCases.TC001_AccountRegistration - *********************Test Finished*****************
23:25:53.632 [main] INFO  TestCases.TC002_MyAccountLogin - ******************testcase TC002_MyAccountLogin started****************
23:25:53.634 [main] INFO  TestCases.TC002_MyAccountLogin - clicking on login
23:25:54.321 [main] INFO  TestCases.TC002_MyAccountLogin - Enter username and password
23:25:56.271 [main] INFO  TestCases.TC002_MyAccountLogin - *******************Test case finished*******************
